cnf/lst/tpl-gen-api.include.lst
.editorconfig
.profile
Makefile
cnf/lst/tpl-gen-api.exclude.lst
cnf/lst/tpl-gen-api.include.lst
cnf/lst/run.sh.exclude.lst
cnf/lst/run.sh.include.lst
json/rtr/%aws_iam_role_code%.%aws_service_code%.json
lib/bash/funcs/arch-install-bins.func.sh
lib/bash/funcs/export-json-section-vars.func.sh
lib/bash/funcs/flush-screen.func.sh
lib/bash/funcs/get-env-var.func.sh
lib/bash/funcs/list-dockers.func.sh
lib/bash/funcs/mac-install-bins.func.sh
lib/bash/funcs/manjaro-install-bins.func.sh
lib/bash/funcs/morph-dir.func.sh
lib/bash/funcs/new-issue.func.sh
lib/bash/funcs/oae.func.sh
lib/bash/funcs/parse-ini-section-vars.func.sh
lib/bash/funcs/read-conf-section.func.sh
lib/bash/funcs/relative-path.func.sh
lib/bash/funcs/require-var.func.sh
lib/bash/funcs/resolve-dirname.func.sh
lib/bash/funcs/set-vars-on-alpine.func.sh
lib/bash/funcs/set-vars-on-mac.func.sh
lib/bash/funcs/set-vars-on-suse.func.sh
lib/bash/funcs/set-vars-on-ubuntu.func.sh
lib/bash/funcs/suse-install-bins.func.sh
lib/bash/funcs/test-helpers.sh
lib/bash/funcs/ubuntu-install-bins.func.sh
lib/bash/funcs/zip-me.func.sh
lib/docker/tpl-gen-api/x86_64/Dockerfile.01.from-python-3.8.3-alpine
lib/docker/tpl-gen-api/x86_64/Dockerfile.02.arg-vars
lib/docker/tpl-gen-api/x86_64/Dockerfile.03.alpine-os-utils
lib/docker/tpl-gen-api/x86_64/Dockerfile.04.alpine-backend-utils
lib/docker/tpl-gen-api/x86_64/Dockerfile.05.install-pip
lib/docker/tpl-gen-api/x86_64/Dockerfile.06.install-poetry
lib/docker/tpl-gen-api/x86_64/Dockerfile.07.add-os-user
lib/docker/tpl-gen-api/x86_64/Dockerfile.08.copy-proj-dir
lib/docker/tpl-gen-api/x86_64/Dockerfile.09.install-py-modules
lib/docker/tpl-gen-api/x86_64/Dockerfile.10.docker-init
lib/make/demand-var.func.mk
lib/make/install-img.func.mk
lib/make/make-help.func.mk
lib/make/new-issue.func.mk
lib/make/prune-docker-system.func.mk
lib/make/zip-me.func.mk
src/bash/run/check-install-poetry.func.sh
src/bash/run/check-install-py-modules.func.sh
src/bash/run/docker-init-tpl-gen-api.sh
src/bash/run/docker-init-tpl-gen-api.sh
src/bash/run/morph-dir.func.sh
src/bash/run/morph-module.func.sh
src/bash/run/print-usage.func.sh
src/bash/run/restart-container.func.sh
src/bash/run/run.sh
src/bash/run/scan-to-list-file.func.sh
src/bash/run/set-vars-on-alpine.func.sh
src/bash/run/set-vars-on-mac.func.sh
src/bash/run/set-vars-on-manjaro.func.sh
src/bash/run/set-vars-on-suse.func.sh
src/bash/run/set-vars-on-ubuntu.func.sh
src/bash/run/zip-me-as-module.func.sh
src/bash/run/zip-till-commit.func.sh
src/bash/scripts/docker-init-tpl-gen-api.sh
src/bash/scripts/docker-init-tpl-gen-api.sh
src/docker/tpl-gen-api/Dockerfile.x86_64
src/make/install-img-tpl-gen-api.func.mk
src/make/run-tpl-gen-api.incl.mk
src/make/test-tpl-gen-api.incl.mk
src/perl/scripts/dockerfile-generator.pl
src/python/tpl-gen-api/.coveragerc
src/python/tpl-gen-api/.pytest_cache/CACHEDIR.TAG
src/python/tpl-gen-api/.pytest_cache/v/cache/lastfailed
src/python/tpl-gen-api/.pytest_cache/v/cache/nodeids
src/python/tpl-gen-api/.pytest_cache/v/cache/stepwise
src/python/tpl-gen-api/.tplignore
src/python/tpl-gen-api/tpl_gen_api/__init__.py
src/python/tpl-gen-api/tpl_gen_api/config/__init__.py
src/python/tpl-gen-api/tpl_gen_api/config/config_data_loader.py
src/python/tpl-gen-api/tpl_gen_api/config/run_env.py
src/python/tpl-gen-api/tpl_gen_api/exceptions/__init__.py
src/python/tpl-gen-api/tpl_gen_api/exceptions/exceptions.py
src/python/tpl-gen-api/tpl_gen_api/tpl_gen_api.py
src/python/tpl-gen-api/tpl_gen_api/libs/utils/console_utils.py
src/python/tpl-gen-api/tpl_gen_api/libs/utils/convert_utils.py
src/python/tpl-gen-api/tpl_gen_api/libs/utils/env_utils.py
src/python/tpl-gen-api/tpl_gen_api/libs/utils/io_utils.py
src/python/tpl-gen-api/tpl_gen_api/libs/utils/string_utils.py
src/python/tpl-gen-api/tpl_gen_api/libs/utils/tpl_utils.py
src/python/tpl-gen-api/poetry.lock
src/python/tpl-gen-api/poetry.toml
src/python/tpl-gen-api/pyproject.toml
src/python/tpl-gen-api/pytest.ini
src/python/tpl-gen-api/tests/__init__.py
src/python/tpl-gen-api/tests/test_console_utils.py
src/python/tpl-gen-api/tests/test_convert_utils.py
src/python/tpl-gen-api/tests/test_env_utils.py
src/python/tpl-gen-api/tests/test_io_utils.py
src/python/tpl-gen-api/tests/test_pkey_replace.py
src/python/tpl-gen-api/tests/test_tpl_utils.py
src/tpl/dat/json/%aws_account_code%/%aws_iam_role_code%.%aws_service_code%.json
